{
"PHPMailer:src/PHPMailer.php": [
1875,
2171,
2369,
2411,
3525,
4252,
4440,
4516,
4690,
5017,
5024
],
"PHPMailer:src/SMTP.php": [
1046
],
"PHPMailer:test/Language/TranslationCompletenessTest.php": [
70
],
"PHPMailer:test/PHPMailer/GenerateIdTest.php": [
51
]
}
