{
"PhpSpreadsheet:src/PhpSpreadsheet/Reader/Xls.php": [
1129,
1161,
4274
],
"PhpSpreadsheet:src/PhpSpreadsheet/Reader/Xml/DataValidations.php": [
155
],
"PhpSpreadsheet:src/PhpSpreadsheet/Writer/Xls/Parser.php": [
908,
910
],
"PhpSpreadsheet:src/PhpSpreadsheet/Writer/Xls/Workbook.php": [
860
],
"PhpSpreadsheet:src/PhpSpreadsheet/Writer/Xls/Worksheet.php": [
1213
]
}
