{
"PhpSpreadsheet:src/PhpSpreadsheet/Worksheet/Worksheet.php": [
3485
],
"PhpSpreadsheet:tests/PhpSpreadsheetTests/Shared/XmlWriterTest.php": [
36
]
}
