{
"monica:app/Services/Instance/IdHasher.php": [
38
],
"monica:tests/Browser/Auth/AuthControllerTest.php": [
191
],
"monica:tests/DuskTestCase.php": [
113,
121
]
}
