{
"PHPWord:src/PhpWord/Reader/MsDoc.php": [
0
],
"PHPWord:src/PhpWord/Shared/PCLZip/pclzip.lib.php": [
0
],
"PHPWord:tests/PhpWordTests/TemplateProcessorTest.php": [
0
]
}
