{
'PHPWord:src/PhpWord/Element/PreserveText.php':[
63,
],
}
