{
"flysystem:src/Ftp/FtpAdapterTest.php": [
43,
44
]
}
