{
"PhpSpreadsheet:samples/Autofilter/10_Autofilter_selection_1.php": [
65,
65,
67,
69,
69,
72,
72,
73,
73,
76,
76
],
"PhpSpreadsheet:samples/Autofilter/10_Autofilter_selection_2.php": [
65,
65,
67,
69,
69,
72,
72,
73,
73,
76,
76
],
"PhpSpreadsheet:samples/Autofilter/10_Autofilter_selection_display.php": [
65,
65,
67,
69,
69,
72,
72,
73,
73,
76,
76
],
"PhpSpreadsheet:src/PhpSpreadsheet/Calculation/MathTrig/Random.php": [
20,
49,
91,
92
],
"PhpSpreadsheet:src/PhpSpreadsheet/Worksheet/MemoryDrawing.php": [
68,
68
],
"PhpSpreadsheet:tests/PhpSpreadsheetTests/Cell/DataTypeTest.php": [
46,
49,
53,
57
]
}
