{
"PHP_CodeSniffer:tests/Standards/AbstractSniffUnitTest.php": [
170
]
}
