{
"PhpSpreadsheet:tests/PhpSpreadsheetTests/Custom/ComplexAssert.php": [
89
]
}
