{
"PhpSpreadsheet:src/PhpSpreadsheet/Cell/DefaultValueBinder.php": [
63
],
"PhpSpreadsheet:src/PhpSpreadsheet/Shared/Date.php": [
484
]
}
