{
'PhpSpreadsheet:src/PhpSpreadsheet/Chart/Renderer/JpGraphRendererBase.php':[
786,
800,
],
'PhpSpreadsheet:src/PhpSpreadsheet/Shared/OLE/PPS/Root.php':[
112,
112,
],
'PhpSpreadsheet:src/PhpSpreadsheet/Writer/Pdf/Tcpdf.php':[
46,
],
}
