{
"PhpSpreadsheet:src/PhpSpreadsheet/Writer/Html.php": [
889
]
}
