{
"monica:app/Services/Contact/Call/CreateCall.php": [
51
],
"monica:app/Services/Contact/Call/UpdateCall.php": [
52
]
}
