{
"PHP_CodeSniffer:autoload.php": [
77
],
"PHP_CodeSniffer:src/Files/File.php": [
1079
],
"PHP_CodeSniffer:src/Fixer.php": [
158,
370,
412,
418,
454,
489,
526,
552,
647
],
"PHP_CodeSniffer:src/Ruleset.php": [
152
],
"PHP_CodeSniffer:src/Runner.php": [
298
],
"PHP_CodeSniffer:src/Standards/Generic/Tests/PHP/NoSilencedErrorsUnitTest.inc": [
5,
10
],
"PHP_CodeSniffer:src/Standards/Squiz/Tests/PHP/DisallowMultipleAssignmentsUnitTest.inc": [
44
],
"PHP_CodeSniffer:src/Tokenizers/PHP.php": [
522,
3404,
3433
],
"PHP_CodeSniffer:src/Util/Common.php": [
63,
67,
67,
68
],
"PHP_CodeSniffer:src/Util/Standards.php": [
124
]
}
