{
'PHP_CodeSniffer:src/Standards/Generic/Tests/CodeAnalysis/UnnecessaryFinalModifierUnitTest.inc':[
12,
15,
18,
],
'PHP_CodeSniffer:src/Standards/Squiz/Tests/Commenting/InlineCommentUnitTest.inc':[
91,
165,
],
}
