{
'PHP_CodeSniffer:src/Standards/Generic/Tests/PHP/LowerCaseTypeUnitTest.inc':[
78,
],
'PHP_CodeSniffer:src/Standards/Squiz/Tests/Functions/FunctionDeclarationArgumentSpacingUnitTest.inc':[
73,
99,
],
}
