{
"PHP_CodeSniffer:src/Standards/Generic/Tests/CodeAnalysis/EmptyPHPStatementUnitTest.inc": [
59
],
"PHP_CodeSniffer:src/Standards/Generic/Tests/CodeAnalysis/EmptyStatementUnitTest.inc": [
72,
72
],
"PHP_CodeSniffer:src/Standards/Generic/Tests/CodeAnalysis/ForLoopShouldBeWhileLoopUnitTest.inc": [
10
],
"PHP_CodeSniffer:src/Standards/Generic/Tests/CodeAnalysis/UnconditionalIfStatementUnitTest.inc": [
3,
5,
7
],
"PHP_CodeSniffer:src/Standards/Generic/Tests/ControlStructures/DisallowYodaConditionsUnitTest.inc": [
13,
127,
128
],
"PHP_CodeSniffer:src/Standards/Generic/Tests/ControlStructures/InlineControlStructureUnitTest.1.inc": [
23,
26,
135,
138,
198,
238,
260,
269
],
"PHP_CodeSniffer:src/Standards/Generic/Tests/ControlStructures/InlineControlStructureUnitTest.7.inc": [
8,
10,
13,
15
],
"PHP_CodeSniffer:src/Standards/Generic/Tests/Formatting/SpaceAfterNotUnitTest.inc": [
5,
40,
57
],
"PHP_CodeSniffer:src/Standards/Generic/Tests/PHP/UpperCaseConstantUnitTest.inc": [
92
],
"PHP_CodeSniffer:src/Standards/Generic/Tests/WhiteSpace/ScopeIndentUnitTest.3.inc": [
9
],
"PHP_CodeSniffer:src/Standards/PEAR/Tests/ControlStructures/MultiLineConditionUnitTest.inc": [
140
],
"PHP_CodeSniffer:src/Standards/PEAR/Tests/WhiteSpace/ScopeIndentUnitTest.inc": [
17,
64,
77,
78,
79,
84,
85,
86,
87,
172
],
"PHP_CodeSniffer:src/Standards/PSR2/Tests/Methods/FunctionCallSignatureUnitTest.inc": [
55
],
"PHP_CodeSniffer:src/Standards/Squiz/Tests/Commenting/LongConditionClosingCommentUnitTest.inc": [
380
],
"PHP_CodeSniffer:src/Standards/Squiz/Tests/Commenting/PostStatementCommentUnitTest.inc": [
22
],
"PHP_CodeSniffer:src/Standards/Squiz/Tests/ControlStructures/InlineIfDeclarationUnitTest.inc": [
24
]
}
