{
'PHP_CodeSniffer:src/Standards/Generic/Tests/PHP/UpperCaseConstantUnitTest.inc':[
54,
],
'PHP_CodeSniffer:src/Standards/Squiz/Tests/PHP/InnerFunctionsUnitTest.inc':[
31,
42,
],
}
