{
"PHP_CodeSniffer:src/Standards/Generic/Tests/ControlStructures/InlineControlStructureUnitTest.1.inc": [
105
],
"PHP_CodeSniffer:src/Standards/PEAR/Tests/ControlStructures/MultiLineConditionUnitTest.inc": [
77
],
"PHP_CodeSniffer:src/Standards/PSR12/Tests/ControlStructures/BooleanOperatorPlacementUnitTest.inc": [
16,
81,
104
],
"PHP_CodeSniffer:src/Standards/Squiz/Tests/Commenting/LongConditionClosingCommentUnitTest.inc": [
664
],
"PHP_CodeSniffer:tests/Core/Tokenizer/EnumCaseTest.inc": [
64
]
}
