{
"psysh:src/Configuration.php": [
154
],
"psysh:src/Readline/Hoa/ConsoleProcessus.php": [
265
],
"psysh:src/Readline/Hoa/Event.php": [
98,
102,
107
],
"psysh:src/Readline/Hoa/EventListens.php": [
57
],
"psysh:src/Readline/Hoa/ExceptionIdle.php": [
205,
210,
217,
240
],
"psysh:src/Readline/Hoa/File.php": [
134
],
"psysh:src/Readline/Hoa/FileDirectory.php": [
200
],
"psysh:src/Readline/Hoa/FileLink.php": [
127
],
"psysh:src/Readline/Hoa/Stream.php": [
159,
343
],
"psysh:src/Readline/Hoa/Xcallable.php": [
116
],
"psysh:test/Command/ListCommand/ClassEnumeratorTest.php": [
49,
55,
84,
133,
139,
158
],
"psysh:test/Formatter/SignatureFormatterTest.php": [
58
]
}
