{
"psysh:test/CodeCleaner/CallTimePassByReferencePassTest.php": [
43
],
"psysh:test/Sudo/SudoVisitorTest.php": [
92,
108,
124,
125,
126,
127,
142
]
}
