{
"Symfony:Bridge/PhpUnit/DeprecationErrorHandler/Deprecation.php": [
409
],
"Symfony:Bridge/PhpUnit/bin/simple-phpunit.php": [
256
],
"Symfony:Bridge/ProxyManager/Tests/LazyProxy/PhpDumper/ProxyDumperTest.php": [
55
],
"Symfony:Bridge/Twig/Node/DumpNode.php": [
44,
45,
47,
49,
55,
65
],
"Symfony:Bridge/Twig/Tests/Extension/DumpExtensionTest.php": [
99,
105,
138
],
"Symfony:Bundle/FrameworkBundle/Console/Descriptor/MarkdownDescriptor.php": [
49,
60,
201,
204,
215,
216,
218,
222,
226,
232,
236,
238,
240,
246,
252,
254,
261,
268,
429
],
"Symfony:Bundle/FrameworkBundle/DependencyInjection/Configuration.php": [
628
],
"Symfony:Component/BrowserKit/Tests/ResponseTest.php": [
69,
70,
71
],
"Symfony:Component/Cache/Adapter/CouchbaseBucketAdapter.php": [
69
],
"Symfony:Component/Cache/Adapter/CouchbaseCollectionAdapter.php": [
62
],
"Symfony:Component/Cache/Adapter/DoctrineDbalAdapter.php": [
234,
241
],
"Symfony:Component/Cache/Adapter/PdoAdapter.php": [
261,
268
],
"Symfony:Component/Config/Builder/ConfigBuilderGenerator.php": [
134,
135,
286,
287,
432
],
"Symfony:Component/Config/Tests/Exception/LoaderLoadExceptionTest.php": [
53,
97
],
"Symfony:Component/Config/Tests/Fixtures/Configuration/ExampleConfiguration.php": [
51
],
"Symfony:Component/Console/Descriptor/MarkdownDescriptor.php": [
51,
68,
108,
121
],
"Symfony:Component/Console/Descriptor/ReStructuredTextDescriptor.php": [
61,
84,
183
],
"Symfony:Component/Console/Tests/ApplicationTest.php": [
452,
459
],
"Symfony:Component/Console/Tests/Helper/FormatterHelperTest.php": [
41,
48,
61,
73,
86
],
"Symfony:Component/Console/Tests/Helper/ProgressBarTest.php": [
403,
455,
536,
775,
949,
963,
978,
1247
],
"Symfony:Component/Console/Tests/Helper/TableTest.php": [
605,
610,
1293
],
"Symfony:Component/Console/Tests/Input/StringInputTest.php": [
85
],
"Symfony:Component/Console/Tests/Output/ConsoleSectionOutputTest.php": [
75,
91,
150,
165
],
"Symfony:Component/CssSelector/XPath/Extension/HtmlExtension.php": [
63,
77,
103,
146
],
"Symfony:Component/DependencyInjection/Argument/LazyClosure.php": [
84
],
"Symfony:Component/DependencyInjection/Dumper/PhpDumper.php": [
1283
],
"Symfony:Component/DependencyInjection/Loader/XmlFileLoader.php": [
730
],
"Symfony:Component/DependencyInjection/Tests/Fixtures/php/services10.php": [
50
],
"Symfony:Component/Dotenv/Tests/DotenvTest.php": [
45,
52
],
"Symfony:Component/ExpressionLanguage/Tests/ParserTest.php": [
329,
335,
341,
363,
375
],
"Symfony:Component/Form/Tests/CompoundFormTest.php": [
822,
842,
866
],
"Symfony:Component/HttpFoundation/Session/Storage/Handler/PdoSessionHandler.php": [
847,
853,
861
],
"Symfony:Component/HttpFoundation/Tests/Session/Storage/Handler/PdoSessionHandlerTest.php": [
118
],
"Symfony:Component/HttpKernel/Tests/HttpCache/EsiTest.php": [
82,
102
],
"Symfony:Component/Intl/Resources/data/transliterator/emoji/emoji-ar.php": [
219,
220,
221,
222,
223,
224,
225,
226,
227,
228,
229,
230,
231,
232,
233,
234,
235,
236,
237,
238,
259,
260,
261,
262,
263,
264,
265,
266,
267,
268,
269,
270,
271,
272,
273,
274,
275,
276,
277,
278,
1411,
1412,
1413,
1414,
1415,
1671,
1672,
1673,
1674,
1675,
1676,
1677,
1678,
1679,
1680,
1686,
1687,
1688,
1689,
1690,
1691,
1692,
1693,
1694,
1695,
1706,
1707,
1708,
1709,
1710,
1841,
1842,
1843,
1844,
1845,
1846,
1847,
1848,
1849,
1850,
1861,
1862,
1863,
1864,
1865,
1911,
1912,
1913,
1914,
1915,
1941,
1942,
1943,
1944,
1945,
1946,
1947,
1948,
1949,
1950,
1951,
1952,
1953,
1954,
1955,
1956,
1957,
1958,
1959,
1960,
1966,
1967,
1968,
1969,
1970,
1976,
1977,
1978,
1979,
1980,
1986,
1987,
1988,
1989,
1990,
2314,
2325,
2333,
2339,
2340,
2346,
2348,
2363,
2375,
2377,
2378,
2382,
2387,
2388,
2394,
2395,
2412,
2421,
2453,
2516,
2517,
2519,
2520,
2523,
2552,
2553,
2556,
2569,
2575,
2577,
2578,
2579,
2581,
2583,
2585,
2643,
2658,
2664,
2695,
2713,
2720,
2721,
2728,
2732,
2771,
2778,
2787,
2795,
2808,
2816,
2825,
2826,
2831,
2843,
2845,
2864,
2865,
2866,
2916,
2925,
2928,
2941,
2942,
2953,
3035,
3037,
3067,
3071,
3085,
3120,
3129,
3136,
3170,
3199,
3209,
3211,
3213,
3235,
3236,
3243,
3249,
3263,
3264,
3268,
3296,
3346,
3378,
3470,
3513,
3514,
3515,
3521,
3522,
3533
],
"Symfony:Component/Intl/Resources/data/transliterator/emoji/emoji-ar_sa.php": [
219,
220,
221,
222,
223,
224,
225,
226,
227,
228,
229,
230,
231,
232,
233,
234,
235,
236,
237,
238,
259,
260,
261,
262,
263,
264,
265,
266,
267,
268,
269,
270,
271,
272,
273,
274,
275,
276,
277,
278
],
"Symfony:Component/Intl/Tests/LocaleTest.php": [
79
],
"Symfony:Component/Mailer/Tests/Transport/Smtp/DummyStream.php": [
58
],
"Symfony:Component/Messenger/Bridge/Amqp/Tests/Transport/ConnectionTest.php": [
66,
172,
323,
375,
405
],
"Symfony:Component/Messenger/Bridge/Doctrine/Transport/Connection.php": [
377
],
"Symfony:Component/Mime/Tests/Encoder/Base64EncoderTest.php": [
91,
100,
114,
123,
139,
148
],
"Symfony:Component/Mime/Tests/Encoder/QpEncoderTest.php": [
84,
85,
88,
89,
122
],
"Symfony:Component/Mime/Tests/Header/ParameterizedHeaderTest.php": [
109,
194
],
"Symfony:Component/Mime/Tests/Header/UnstructuredHeaderTest.php": [
55,
63,
173,
175,
202
],
"Symfony:Component/Notifier/Bridge/GoogleChat/GoogleChatOptions.php": [
42
],
"Symfony:Component/Process/Exception/ProcessFailedException.php": [
31
],
"Symfony:Component/PropertyAccess/Exception/UnexpectedTypeException.php": [
30
],
"Symfony:Component/PropertyInfo/Extractor/ReflectionExtractor.php": [
389
],
"Symfony:Component/Routing/Matcher/Dumper/CompiledUrlMatcherDumper.php": [
136,
138,
150
],
"Symfony:Component/Routing/Tests/Fixtures/dumper/compiled_url_matcher1.php": [
30
],
"Symfony:Component/Routing/Tests/Fixtures/dumper/compiled_url_matcher10.php": [
13,
892
],
"Symfony:Component/Routing/Tests/Fixtures/dumper/compiled_url_matcher11.php": [
13
],
"Symfony:Component/Routing/Tests/Fixtures/dumper/compiled_url_matcher12.php": [
13
],
"Symfony:Component/Routing/Tests/Fixtures/dumper/compiled_url_matcher13.php": [
13
],
"Symfony:Component/Routing/Tests/Fixtures/dumper/compiled_url_matcher2.php": [
32
],
"Symfony:Component/Routing/Tests/Fixtures/dumper/compiled_url_matcher3.php": [
15
],
"Symfony:Component/Routing/Tests/Fixtures/dumper/compiled_url_matcher5.php": [
25
],
"Symfony:Component/Routing/Tests/Fixtures/dumper/compiled_url_matcher6.php": [
21
],
"Symfony:Component/Routing/Tests/Fixtures/dumper/compiled_url_matcher7.php": [
21
],
"Symfony:Component/Routing/Tests/Fixtures/dumper/compiled_url_matcher8.php": [
13,
16,
19
],
"Symfony:Component/Routing/Tests/Generator/UrlGeneratorTest.php": [
500
],
"Symfony:Component/Runtime/Internal/ComposerPlugin.php": [
93,
95
],
"Symfony:Component/Security/Core/Tests/Role/LegacyRoleTest.php": [
21
],
"Symfony:Component/Serializer/Tests/Encoder/XmlEncoderTest.php": [
51,
61,
71,
107,
130,
145,
156,
172,
184,
219,
232,
244,
256,
264,
380,
415,
427,
444,
456,
469,
483,
729,
742
],
"Symfony:Component/Templating/Tests/Storage/FileStorageTest.php": [
25
],
"Symfony:Component/Translation/Dumper/PoFileDumper.php": [
25,
26,
27,
28,
29,
54,
55,
57,
60,
61,
126
],
"Symfony:Component/Translation/Tests/fixtures/extractor-ast/translatable-fqn.html.php": [
29
],
"Symfony:Component/Translation/Tests/fixtures/extractor-ast/translatable-short.html.php": [
29
],
"Symfony:Component/Translation/Tests/fixtures/extractor-ast/translatable.html.php": [
29
],
"Symfony:Component/Translation/Tests/fixtures/extractor-ast/translation.html.php": [
29
],
"Symfony:Component/Translation/Tests/fixtures/extractor/translatable-fqn.html.php": [
29
],
"Symfony:Component/Translation/Tests/fixtures/extractor/translatable-short.html.php": [
29
],
"Symfony:Component/Translation/Tests/fixtures/extractor/translatable.html.php": [
29
],
"Symfony:Component/Translation/Tests/fixtures/extractor/translation.html.php": [
29
],
"Symfony:Component/Validator/Tests/Constraints/LengthValidatorTest.php": [
364,
380
],
"Symfony:Component/VarDumper/Tests/Caster/FFICasterTest.php": [
177
],
"Symfony:Component/VarExporter/Internal/Exporter.php": [
225
],
"Symfony:Component/VarExporter/Tests/Fixtures/array-object-custom.php": [
17
],
"Symfony:Component/VarExporter/Tests/Fixtures/final-error-legacy.php": [
5
],
"Symfony:Component/VarExporter/Tests/Fixtures/lf-ending-string.php": [
3
],
"Symfony:Component/VarExporter/Tests/Fixtures/multiline-string.php": [
4,
5
],
"Symfony:Component/Workflow/Tests/Dumper/MermaidDumperTest.php": [
79,
112,
132,
164,
185,
209
],
"Symfony:Component/Yaml/Tests/DumperTest.php": [
585
]
}
