{
"Symfony:Bundle/FrameworkBundle/Tests/DependencyInjection/FrameworkExtensionTestCase.php": [
487,
496
],
"Symfony:Bundle/WebProfilerBundle/Tests/Resources/MinifyTest.php": [
27,
28
],
"Symfony:Component/DependencyInjection/Tests/ContainerBuilderTest.php": [
268
]
}
