{
'Symfony:Component/DependencyInjection/Tests/Fixtures/php/callable_adapter_consumer.php':[
55,
],
'Symfony:Component/DependencyInjection/Tests/Fixtures/php/closure_proxy.php':[
60,
],
'Symfony:Component/DependencyInjection/Tests/Fixtures/php/lazy_closure.php':[
60,
],
'Symfony:Component/ExpressionLanguage/Tests/ExpressionLanguageTest.php':[
445,
450,
],
'Symfony:Component/HttpClient/Chunk/ServerSentEvent.php':[
48,
49,
50,
],
'Symfony:Component/HttpClient/Tests/MockHttpClientTest.php':[
474,
],
'Symfony:Component/Process/Tests/SignalListener.php':[
12,
],
}
