{
'Symfony:Bridge/Doctrine/PropertyInfo/DoctrineExtractor.php':[
93,
],
'Symfony:Bridge/PhpUnit/DeprecationErrorHandler.php':[
346,
],
'Symfony:Bridge/PhpUnit/Legacy/SymfonyTestsListenerTrait.php':[
157,
162,
165,
],
'Symfony:Bridge/Twig/Node/SearchAndRenderBlockNode.php':[
53,
94,
],
'Symfony:Bundle/FrameworkBundle/Command/TranslationDebugCommand.php':[
214,
],
'Symfony:Bundle/FrameworkBundle/Console/Descriptor/TextDescriptor.php':[
204,
231,
234,
],
'Symfony:Bundle/FrameworkBundle/Console/Descriptor/XmlDescriptor.php':[
376,
],
'Symfony:Bundle/FrameworkBundle/DependencyInjection/FrameworkExtension.php':[
920,
],
'Symfony:Bundle/FrameworkBundle/Tests/DependencyInjection/Compiler/UnusedTagsPassUtils.php':[
71,
],
'Symfony:Component/Cache/Adapter/FilesystemTagAwareAdapter.php':[
61,
64,
114,
117,
],
'Symfony:Component/Cache/Adapter/MemcachedAdapter.php':[
128,
131,
],
'Symfony:Component/Cache/Adapter/PhpFilesAdapter.php':[
143,
],
'Symfony:Component/Cache/DependencyInjection/CachePoolPass.php':[
103,
],
'Symfony:Component/Cache/LockRegistry.php':[
114,
],
'Symfony:Component/Cache/Traits/RedisTrait.php':[
470,
],
'Symfony:Component/Config/Definition/PrototypedArrayNode.php':[
226,
],
'Symfony:Component/Config/Resource/GlobResource.php':[
145,
],
'Symfony:Component/Console/Application.php':[
1030,
],
'Symfony:Component/Console/Helper/ProgressBar.php':[
485,
],
'Symfony:Component/Console/Helper/Table.php':[
633,
803,
],
'Symfony:Component/CssSelector/Parser/Parser.php':[
197,
238,
],
'Symfony:Component/DependencyInjection/Compiler/AttributeAutoconfigurationPass.php':[
113,
129,
137,
],
'Symfony:Component/DependencyInjection/Compiler/AutowirePass.php':[
296,
316,
323,
332,
],
'Symfony:Component/DependencyInjection/Compiler/AutowireRequiredMethodsPass.php':[
62,
],
'Symfony:Component/DependencyInjection/Compiler/CheckArgumentsValidityPass.php':[
88,
],
'Symfony:Component/DependencyInjection/Compiler/InlineServiceDefinitionsPass.php':[
75,
],
'Symfony:Component/DependencyInjection/Compiler/ResolveInstanceofConditionalsPass.php':[
131,
],
'Symfony:Component/DependencyInjection/Compiler/ResolveNamedArgumentsPass.php':[
70,
],
'Symfony:Component/DependencyInjection/ContainerBuilder.php':[
1470,
],
'Symfony:Component/DependencyInjection/Dumper/PhpDumper.php':[
491,
503,
1848,
1883,
1904,
1910,
],
'Symfony:Component/DependencyInjection/Dumper/Preloader.php':[
102,
],
'Symfony:Component/DependencyInjection/Dumper/XmlDumper.php':[
320,
],
'Symfony:Component/DependencyInjection/EnvVarProcessor.php':[
166,
170,
],
'Symfony:Component/DependencyInjection/Loader/FileLoader.php':[
135,
],
'Symfony:Component/DependencyInjection/Loader/XmlFileLoader.php':[
177,
],
'Symfony:Component/DependencyInjection/Loader/YamlFileLoader.php':[
571,
],
'Symfony:Component/DependencyInjection/ParameterBag/ParameterBag.php':[
83,
],
'Symfony:Component/ErrorHandler/DebugClassLoader.php':[
455,
459,
496,
],
'Symfony:Component/ErrorHandler/Error/FatalError.php':[
42,
],
'Symfony:Component/ErrorHandler/ErrorHandler.php':[
441,
],
'Symfony:Component/ExpressionLanguage/Parser.php':[
242,
248,
],
'Symfony:Component/Filesystem/Filesystem.php':[
175,
],
'Symfony:Component/Form/Command/DebugCommand.php':[
131,
],
'Symfony:Component/Form/Extension/Validator/Constraints/FormValidator.php':[
89,
116,
126,
],
'Symfony:Component/Form/Extension/Validator/ViolationMapper/ViolationMapper.php':[
190,
],
'Symfony:Component/Form/Form.php':[
502,
506,
512,
],
'Symfony:Component/HttpClient/HttpClientTrait.php':[
573,
],
'Symfony:Component/HttpClient/Internal/HttplugWaitLoop.php':[
88,
],
'Symfony:Component/HttpClient/Response/AsyncResponse.php':[
69,
],
'Symfony:Component/HttpClient/Response/TransportResponseTrait.php':[
194,
],
'Symfony:Component/HttpFoundation/BinaryFileResponse.php':[
256,
],
'Symfony:Component/HttpFoundation/Request.php':[
1638,
],
'Symfony:Component/HttpKernel/Controller/ArgumentResolver/RequestPayloadValueResolver.php':[
84,
],
'Symfony:Component/HttpKernel/DependencyInjection/RegisterControllerArgumentLocatorsPass.php':[
107,
133,
165,
181,
],
'Symfony:Component/Lock/Lock.php':[
81,
139,
],
'Symfony:Component/Mailer/Transport.php':[
127,
131,
],
'Symfony:Component/Messenger/DependencyInjection/MessengerPass.php':[
93,
113,
],
'Symfony:Component/OptionsResolver/OptionsResolver.php':[
966,
],
'Symfony:Component/Process/Pipes/WindowsPipes.php':[
59,
],
'Symfony:Component/PropertyAccess/PropertyAccessor.php':[
171,
176,
308,
320,
416,
],
'Symfony:Component/PropertyInfo/Extractor/PhpDocExtractor.php':[
141,
],
'Symfony:Component/Routing/Generator/UrlGenerator.php':[
181,
234,
],
'Symfony:Component/Routing/Loader/AnnotationFileLoader.php':[
110,
],
'Symfony:Component/Routing/Matcher/Dumper/CompiledUrlMatcherTrait.php':[
142,
150,
160,
],
'Symfony:Component/Routing/Matcher/Dumper/StaticPrefixCollection.php':[
157,
160,
],
'Symfony:Component/Serializer/Encoder/XmlEncoder.php':[
373,
],
'Symfony:Component/Serializer/Mapping/Loader/AnnotationLoader.php':[
77,
],
'Symfony:Component/Serializer/Mapping/Loader/YamlFileLoader.php':[
66,
],
'Symfony:Component/Serializer/Normalizer/AbstractNormalizer.php':[
346,
351,
371,
],
'Symfony:Component/Serializer/Normalizer/AbstractObjectNormalizer.php':[
455,
459,
467,
476,
483,
],
'Symfony:Component/String/AbstractUnicodeString.php':[
121,
126,
],
'Symfony:Component/String/Inflector/EnglishInflector.php':[
392,
397,
414,
469,
474,
491,
],
'Symfony:Component/Translation/DependencyInjection/TranslatorPathsPass.php':[
97,
100,
],
'Symfony:Component/Translation/Extractor/PhpExtractor.php':[
240,
284,
291,
],
'Symfony:Component/Translation/Loader/XliffFileLoader.php':[
178,
],
'Symfony:Component/Validator/Mapping/Loader/AnnotationLoader.php':[
75,
],
'Symfony:Component/VarDumper/Caster/Caster.php':[
73,
],
'Symfony:Component/VarDumper/Caster/ExceptionCaster.php':[
172,
240,
245,
263,
],
'Symfony:Component/VarDumper/Caster/ReflectionCaster.php':[
410,
],
'Symfony:Component/VarDumper/Cloner/VarCloner.php':[
68,
95,
131,
138,
157,
164,
184,
],
'Symfony:Component/VarDumper/Dumper/CliDumper.php':[
249,
399,
416,
],
'Symfony:Component/VarDumper/Dumper/ContextProvider/SourceContextProvider.php':[
69,
],
'Symfony:Component/VarExporter/Internal/Hydrator.php':[
85,
],
'Symfony:Component/VarExporter/Internal/Registry.php':[
96,
],
'Symfony:Component/VarExporter/ProxyHelper.php':[
162,
165,
],
'Symfony:Component/Workflow/Dumper/MermaidDumper.php':[
111,
],
'Symfony:Component/Workflow/Dumper/PlantUmlDumper.php':[
100,
108,
],
'Symfony:Component/Yaml/Dumper.php':[
89,
108,
],
'Symfony:Component/Yaml/Inline.php':[
489,
493,
512,
530,
535,
],
'Symfony:Component/Yaml/Parser.php':[
187,
237,
247,
251,
257,
264,
268,
272,
308,
321,
377,
398,
442,
446,
450,
454,
460,
466,
],
'Symfony:Contracts/Translation/TranslatorTrait.php':[
84,
],
}
