{
'Symfony:Bridge/PhpUnit/Tests/FailTests/ExpectDeprecationTraitTestFail.php':[
23,
],
'Symfony:Bridge/PhpUnit/Tests/FailTests/NoAssertionsTestNotRisky.php':[
21,
],
'Symfony:Bridge/PhpUnit/Tests/FailTests/NoAssertionsTestRisky.php':[
21,
],
'Symfony:Bundle/FrameworkBundle/Tests/TestCase.php':[
16,
],
'Symfony:Bundle/TwigBundle/Tests/TestCase.php':[
16,
],
'Symfony:Bundle/WebProfilerBundle/Tests/TestCase.php':[
16,
],
'Symfony:Component/DomCrawler/Tests/Field/FormFieldTestCase.php':[
16,
],
'Symfony:Component/Filesystem/Tests/FilesystemTestCase.php':[
17,
],
'Symfony:Component/HttpKernel/Tests/HttpCache/HttpCacheTestCase.php':[
22,
],
'Symfony:Component/Ldap/Tests/LdapTestCase.php':[
16,
],
}
