{
'project:PHPMailer/test/POP3/PopBeforeSmtpTest.php':[
91,
119,
135,
],
'project:Symfony/Bundle/SecurityBundle/Tests/Functional/Bundle/AuthenticatorBundle/ApiAuthenticator.php':[
49,
],
'project:Symfony/Bundle/SecurityBundle/Tests/Functional/SecurityTest.php':[
255,
],
}
