{
'project:PHP_CodeSniffer/scripts/build-phar.php':[
17,
],
'project:PHP_CodeSniffer/src/Generators/HTML.php':[
174,
],
'project:PHP_CodeSniffer/src/Standards/Squiz/Sniffs/PHP/CommentedOutCodeSniff.php':[
185,
189,
],
'project:PHP_CodeSniffer/src/Tokenizers/Tokenizer.php':[
198,
586,
],
'project:PhpSpreadsheet/samples/Header.php':[
7,
],
'project:Symfony/Component/HttpFoundation/Tests/Fixtures/response-functional/common.inc':[
21,
23,
],
'project:Symfony/Component/HttpFoundation/Tests/Session/Storage/Handler/Fixtures/common.inc':[
21,
23,
],
'project:Symfony/Component/HttpKernel/Kernel.php':[
474,
485,
541,
547,
],
'project:Symfony/Component/HttpKernel/Tests/Logger.php':[
16,
],
'project:Symfony/Component/OptionsResolver/Tests/OptionsResolverTest.php':[
551,
],
}
