{
'project:PHP_CodeSniffer/src/Standards/Generic/Tests/Classes/DuplicateClassNameUnitTest.1.inc':[
14,
],
'project:PHP_CodeSniffer/src/Standards/Generic/Tests/Classes/DuplicateClassNameUnitTest.2.inc':[
6,
],
'project:PHP_CodeSniffer/src/Standards/Generic/Tests/Classes/DuplicateClassNameUnitTest.3.inc':[
10,
],
'project:PHP_CodeSniffer/src/Standards/Generic/Tests/Classes/DuplicateClassNameUnitTest.4.inc':[
5,
],
'project:PHP_CodeSniffer/src/Standards/Generic/Tests/Classes/DuplicateClassNameUnitTest.5.inc':[
8,
],
'project:PHP_CodeSniffer/src/Standards/Generic/Tests/Files/ByteOrderMarkUnitTest.inc':[
3,
],
'project:PHP_CodeSniffer/src/Standards/Generic/Tests/Files/EndFileNewlineUnitTest.7.inc':[
1,
],
'project:PHP_CodeSniffer/src/Standards/Generic/Tests/Files/EndFileNewlineUnitTest.8.inc':[
1,
],
'project:PHP_CodeSniffer/src/Standards/Generic/Tests/Files/EndFileNoNewlineUnitTest.10.inc':[
1,
],
'project:PHP_CodeSniffer/src/Standards/Generic/Tests/Files/EndFileNoNewlineUnitTest.2.inc':[
3,
],
'project:PHP_CodeSniffer/src/Standards/Generic/Tests/Files/EndFileNoNewlineUnitTest.4.inc':[
3,
],
'project:PHP_CodeSniffer/src/Standards/Generic/Tests/Files/EndFileNoNewlineUnitTest.9.inc':[
1,
],
'project:PHP_CodeSniffer/src/Standards/Generic/Tests/Files/ExecutableFileUnitTest.3.inc':[
1,
],
'project:PHP_CodeSniffer/src/Standards/Generic/Tests/Files/ExecutableFileUnitTest.4.inc':[
1,
],
'project:PHP_CodeSniffer/src/Standards/Generic/Tests/Files/InlineHTMLUnitTest.2.inc':[
3,
],
'project:PHP_CodeSniffer/src/Standards/Generic/Tests/Files/OneClassPerFileUnitTest.inc':[
13,
],
'project:PHP_CodeSniffer/src/Standards/Generic/Tests/Files/OneInterfacePerFileUnitTest.inc':[
13,
],
'project:PHP_CodeSniffer/src/Standards/Generic/Tests/Files/OneObjectStructurePerFileUnitTest.inc':[
26,
],
'project:PHP_CodeSniffer/src/Standards/Generic/Tests/Metrics/NestingLevelUnitTest.inc':[
102,
],
'project:PHP_CodeSniffer/src/Standards/Generic/Tests/PHP/DisallowRequestSuperglobalUnitTest.inc':[
16,
],
'project:PHP_CodeSniffer/src/Standards/Generic/Tests/Strings/UnnecessaryStringConcatUnitTest.inc':[
21,
],
'project:PHP_CodeSniffer/src/Standards/MySource/Tests/Channels/DisallowSelfActionsUnitTest.inc':[
51,
],
'project:PHP_CodeSniffer/src/Standards/MySource/Tests/Debug/DebugCodeUnitTest.inc':[
4,
],
'project:PHP_CodeSniffer/src/Standards/MySource/Tests/Objects/DisallowNewWidgetUnitTest.inc':[
6,
],
'project:PHP_CodeSniffer/src/Standards/MySource/Tests/PHP/EvalObjectFactoryUnitTest.inc':[
26,
],
'project:PHP_CodeSniffer/src/Standards/MySource/Tests/PHP/GetRequestDataUnitTest.inc':[
30,
],
'project:PHP_CodeSniffer/src/Standards/MySource/Tests/PHP/ReturnFunctionValueUnitTest.inc':[
9,
],
'project:PHP_CodeSniffer/src/Standards/PEAR/Tests/Formatting/MultiLineAssignmentUnitTest.inc':[
22,
],
'project:PHP_CodeSniffer/src/Standards/PSR1/Tests/Files/SideEffectsUnitTest.5.inc':[
2,
],
'project:PHP_CodeSniffer/src/Standards/PSR2/Tests/ControlStructures/ElseIfDeclarationUnitTest.inc':[
17,
],
'project:PHP_CodeSniffer/src/Standards/PSR2/Tests/Files/ClosingTagUnitTest.4.inc':[
1,
],
'project:PHP_CodeSniffer/src/Standards/PSR2/Tests/Files/ClosingTagUnitTest.5.inc':[
1,
],
'project:PHP_CodeSniffer/src/Standards/PSR2/Tests/Files/ClosingTagUnitTest.6.inc':[
5,
],
'project:PHP_CodeSniffer/src/Standards/PSR2/Tests/Files/ClosingTagUnitTest.7.inc':[
5,
],
'project:PHP_CodeSniffer/src/Standards/PSR2/Tests/Files/EndFileNewlineUnitTest.12.inc':[
1,
],
'project:PHP_CodeSniffer/src/Standards/PSR2/Tests/Files/EndFileNewlineUnitTest.14.inc':[
1,
],
'project:PHP_CodeSniffer/src/Standards/PSR2/Tests/Namespaces/UseDeclarationUnitTest.2.inc':[
21,
],
'project:PHP_CodeSniffer/src/Standards/PSR2/Tests/Namespaces/UseDeclarationUnitTest.6.inc':[
1,
],
'project:PHP_CodeSniffer/src/Standards/Squiz/Tests/Classes/ClassFileNameUnitTest.inc':[
45,
],
'project:PHP_CodeSniffer/src/Standards/Squiz/Tests/Commenting/EmptyCatchCommentUnitTest.inc':[
55,
],
'project:PHP_CodeSniffer/src/Standards/Squiz/Tests/Files/FileExtensionUnitTest.1.inc':[
3,
],
'project:PHP_CodeSniffer/src/Standards/Squiz/Tests/Files/FileExtensionUnitTest.2.inc':[
3,
],
'project:PHP_CodeSniffer/src/Standards/Squiz/Tests/Files/FileExtensionUnitTest.3.inc':[
3,
],
'project:PHP_CodeSniffer/src/Standards/Squiz/Tests/Files/FileExtensionUnitTest.4.inc':[
3,
],
'project:PHP_CodeSniffer/src/Standards/Squiz/Tests/Files/FileExtensionUnitTest.5.inc':[
3,
],
'project:PHP_CodeSniffer/src/Standards/Squiz/Tests/Functions/FunctionDuplicateArgumentUnitTest.inc':[
6,
],
'project:PHP_CodeSniffer/src/Standards/Squiz/Tests/Functions/GlobalFunctionUnitTest.inc':[
17,
],
'project:PHP_CodeSniffer/src/Standards/Squiz/Tests/NamingConventions/ValidFunctionNameUnitTest.inc':[
27,
],
'project:PHP_CodeSniffer/src/Standards/Squiz/Tests/Operators/ValidLogicalOperatorsUnitTest.inc':[
28,
],
'project:PHP_CodeSniffer/src/Standards/Squiz/Tests/PHP/DisallowBooleanStatementUnitTest.inc':[
27,
],
'project:PHP_CodeSniffer/src/Standards/Squiz/Tests/PHP/DiscouragedFunctionsUnitTest.inc':[
5,
],
'project:PHP_CodeSniffer/src/Standards/Squiz/Tests/PHP/EvalUnitTest.inc':[
5,
],
'project:PHP_CodeSniffer/src/Standards/Squiz/Tests/PHP/GlobalKeywordUnitTest.inc':[
13,
],
'project:PHP_CodeSniffer/src/Standards/Squiz/Tests/WhiteSpace/SuperfluousWhitespaceUnitTest.1.inc':[
73,
],
'project:PHP_CodeSniffer/src/Standards/Squiz/Tests/WhiteSpace/SuperfluousWhitespaceUnitTest.3.inc':[
10,
],
'project:PHP_CodeSniffer/src/Standards/Squiz/Tests/WhiteSpace/SuperfluousWhitespaceUnitTest.4.inc':[
4,
],
'project:PHP_CodeSniffer/src/Standards/Zend/Tests/Debug/CodeAnalyzerUnitTest.inc':[
6,
],
'project:PHP_CodeSniffer/src/Standards/Zend/Tests/Files/ClosingTagUnitTest.3.inc':[
1,
],
'project:PHP_CodeSniffer/src/Standards/Zend/Tests/Files/ClosingTagUnitTest.4.inc':[
1,
],
'project:PHP_CodeSniffer/src/Standards/Zend/Tests/Files/ClosingTagUnitTest.5.inc':[
1,
],
'project:PHP_CodeSniffer/src/Standards/Zend/Tests/Files/ClosingTagUnitTest.6.inc':[
3,
],
'project:PHP_CodeSniffer/src/Standards/Zend/Tests/Files/ClosingTagUnitTest.7.inc':[
1,
],
'project:Symfony/Component/Templating/Tests/Fixtures/templates/foo.php':[
1,
],
}
