{
'project:PHP_CodeSniffer/src/Standards/Generic/Sniffs/Commenting/FixmeSniff.php':[
3,
61,
],
'project:PHP_CodeSniffer/src/Standards/Generic/Tests/Commenting/FixmeUnitTest.inc':[
3,
4,
7,
10,
13,
16,
18,
21,
23,
],
'project:PHP_CodeSniffer/src/Standards/Generic/Tests/Commenting/FixmeUnitTest.php':[
3,
],
'project:PhpSpreadsheet/src/PhpSpreadsheet/Reader/Xls.php':[
1238,
1270,
4396,
],
'project:PhpSpreadsheet/src/PhpSpreadsheet/Writer/Xls/Parser.php':[
942,
944,
],
'project:PhpSpreadsheet/src/PhpSpreadsheet/Writer/Xls/Workbook.php':[
912,
],
'project:PhpSpreadsheet/src/PhpSpreadsheet/Writer/Xls/Worksheet.php':[
1275,
],
'project:Symfony/Component/HttpKernel/HttpCache/HttpCache.php':[
192,
],
}
