{
'project:PhpSpreadsheet/src/PhpSpreadsheet/Reader/Gnumeric.php':[
269,
],
'project:PhpSpreadsheet/src/PhpSpreadsheet/Reader/Html.php':[
296,
361,
],
'project:PhpSpreadsheet/src/PhpSpreadsheet/Reader/Ods.php':[
338,
516,
],
'project:PhpSpreadsheet/src/PhpSpreadsheet/Reader/Slk.php':[
257,
394,
],
'project:PhpSpreadsheet/src/PhpSpreadsheet/Reader/Xls.php':[
1150,
5409,
5662,
5702,
5788,
6606,
],
'project:PhpSpreadsheet/src/PhpSpreadsheet/Reader/Xlsx.php':[
562,
917,
1800,
1876,
],
'project:PhpSpreadsheet/src/PhpSpreadsheet/Reader/Xlsx/Chart.php':[
72,
77,
195,
231,
282,
],
'project:PhpSpreadsheet/src/PhpSpreadsheet/Shared/Font.php':[
595,
647,
704,
],
'project:PhpSpreadsheet/src/PhpSpreadsheet/Writer/Xls/Escher.php':[
209,
],
'project:Symfony/Component/Form/Extension/Validator/ValidatorTypeGuesser.php':[
82,
],
'project:Symfony/Component/Yaml/Inline.php':[
573,
613,
],
}
