{
'project:PHP_CodeSniffer/src/Standards/Generic/Tests/ControlStructures/InlineControlStructureUnitTest.1.inc':[
3,
11,
13,
15,
17,
142,
159,
163,
168,
188,
191,
236,
238,
],
'project:PHP_CodeSniffer/src/Standards/Generic/Tests/Formatting/DisallowMultipleStatementsUnitTest.inc':[
6,
7,
8,
16,
],
'project:PHP_CodeSniffer/src/Standards/Generic/Tests/PHP/DiscourageGotoUnitTest.inc':[
11,
],
'project:PHP_CodeSniffer/src/Standards/PEAR/Tests/ControlStructures/ControlSignatureUnitTest.inc':[
20,
36,
48,
60,
72,
88,
104,
132,
133,
],
'project:PHP_CodeSniffer/src/Standards/PEAR/Tests/WhiteSpace/ScopeIndentUnitTest.inc':[
64,
65,
],
'project:PHP_CodeSniffer/src/Standards/PSR12/Tests/Files/DeclareStatementUnitTest.inc':[
28,
43,
46,
49,
],
'project:PHP_CodeSniffer/src/Standards/PSR12/Tests/Files/FileHeaderUnitTest.4.inc':[
7,
],
'project:PHP_CodeSniffer/src/Standards/PSR2/Tests/Methods/FunctionCallSignatureUnitTest.inc':[
66,
],
'project:PHP_CodeSniffer/src/Standards/PSR2/Tests/Namespaces/UseDeclarationUnitTest.11.inc':[
2,
],
'project:PHP_CodeSniffer/src/Standards/Squiz/Tests/WhiteSpace/FunctionSpacingUnitTest.1.inc':[
426,
],
'project:PHP_CodeSniffer/tests/Core/Tokenizer/GotoLabelTest.inc':[
14,
],
'project:Symfony/Component/DependencyInjection/Tests/Fixtures/php/callable_adapter_consumer.php':[
55,
],
'project:Symfony/Component/DependencyInjection/Tests/Fixtures/php/closure_proxy.php':[
60,
],
'project:Symfony/Component/DependencyInjection/Tests/Fixtures/php/lazy_closure.php':[
60,
],
'project:Symfony/Component/ExpressionLanguage/Tests/ExpressionLanguageTest.php':[
445,
450,
],
'project:Symfony/Component/HttpClient/Chunk/ServerSentEvent.php':[
48,
49,
50,
],
'project:Symfony/Component/HttpClient/Tests/MockHttpClientTest.php':[
474,
],
'project:Symfony/Component/Process/Tests/SignalListener.php':[
12,
],
}
