{
'PHPMailer:src/PHPMailer.php':[
3473,
3482,
3490,
],
}
