{
'PHPMailer:src/PHPMailer.php':[
70,
77,
84,
92,
99,
106,
113,
123,
130,
138,
148,
160,
167,
183,
190,
207,
215,
222,
230,
237,
249,
261,
269,
283,
290,
301,
309,
318,
329,
336,
343,
350,
358,
373,
402,
428,
439,
450,
457,
468,
475,
482,
490,
498,
507,
514,
523,
530,
539,
562,
570,
616,
628,
643,
654,
668,
682,
703,
710,
717,
724,
732,
792,
],
'PHPMailer:src/POP3.php':[
75,
117,
],
'PHPMailer:src/SMTP.php':[
127,
150,
160,
171,
179,
188,
207,
214,
234,
246,
253,
],
'PHPMailer:test/Language/TranslationCompletenessTest.php':[
34,
],
'PHPMailer:test/PHPMailer/PHPMailerTest.php':[
26,
],
'PHPMailer:test/TestCase.php':[
60,
67,
74,
119,
],
}
