{
"PHPMailer:test/fakefunctions.php": [
11
],
"PHPMailer:test/validators.php": [
9
]
}
